{
  "auths": {
    "ghcr.io": {
      "auth": "Z2l0b3BlcmF0b3JVc2VybmFtZTpnaXRvcGVyYXRvcnBhc3N3b3Jk"
    },
    "my-registry": {
      "auth": "bXktcmVnaXN0cnktdXNlcjpteS1yZWdpc3RyeS1wd2Q=",
      "email": "jenkins-x@googlegroups.com"
    }
  }
}
