{
  "auths": {
    "ghcr.io": {
      "auth": "Z2l0b3BlcmF0b3JVc2VybmFtZTpnaXRvcGVyYXRvcnBhc3N3b3Jk"
    }
  },
  "credHelpers": {
    "asia.gcr.io": "gcr",
    "eu.gcr.io": "gcr",
    "gcr.io": "gcr",
    "staging-k8s.gcr.io": "gcr",
    "us.gcr.io": "gcr"
  }
}
